./Connexion/Connexion.php
36961943        8 -rw-rw-r--    1 antoinereyt      admin                1041 Aug  2 18:01 ./Connexion/Connexion.php
./Connexion/ConnexionInterface.php
36961944        8 -rw-rw-r--    1 antoinereyt      admin                 514 Aug  2 18:01 ./Connexion/ConnexionInterface.php
./DependencyInjection/Compiler/AbstractCompilerPass.php
36961945        8 -rw-rw-r--    1 antoinereyt      admin                3357 Aug  2 18:01 ./DependencyInjection/Compiler/AbstractCompilerPass.php
./DependencyInjection/Compiler/ConnectionCompilerPass.php
36961946        8 -rw-rw-r--    1 antoinereyt      admin                 977 Aug  2 18:01 ./DependencyInjection/Compiler/ConnectionCompilerPass.php
./DependencyInjection/Compiler/CouchbaseCompilerPass.php
36961947        8 -rw-rw-r--    1 antoinereyt      admin                 964 Aug  2 18:01 ./DependencyInjection/Compiler/CouchbaseCompilerPass.php
./DependencyInjection/Compiler/DocumentManagerCompilerPass.php
36961948        8 -rw-rw-r--    1 antoinereyt      admin                 999 Aug  2 18:01 ./DependencyInjection/Compiler/DocumentManagerCompilerPass.php
./DependencyInjection/Compiler/RepositoryCompilerPass.php
36961949        8 -rw-rw-r--    1 antoinereyt      admin                1414 Aug  2 18:01 ./DependencyInjection/Compiler/RepositoryCompilerPass.php
./DependencyInjection/Configuration.php
36961950        8 -rw-rw-r--    1 antoinereyt      admin                3035 Aug  2 18:01 ./DependencyInjection/Configuration.php
./DependencyInjection/ToiineCouchbaseExtension.php
36961951        8 -rw-rw-r--    1 antoinereyt      admin                1079 Aug  2 18:01 ./DependencyInjection/ToiineCouchbaseExtension.php
./Entity/Document.php
36961952        8 -rw-rw-r--    1 antoinereyt      admin                1490 Aug  2 18:01 ./Entity/Document.php
./Manager/DocumentManager.php
36961953        8 -rw-rw-r--    1 antoinereyt      admin                1353 Aug  2 18:01 ./Manager/DocumentManager.php
./Repository/Repository.php
36961954        8 -rw-rw-r--    1 antoinereyt      admin                1191 Aug  2 18:01 ./Repository/Repository.php
./Tests/Connexion/ConnexionMock.php
36961955        8 -rw-rw-r--    1 antoinereyt      admin                 938 Aug  2 18:01 ./Tests/Connexion/ConnexionMock.php
./Tests/Connexion/ConnexionMockTest.php
36961956        8 -rw-rw-r--    1 antoinereyt      admin                2502 Aug  2 18:01 ./Tests/Connexion/ConnexionMockTest.php
./Tests/Connexion/ConnexionTest.php
36961957        8 -rw-rw-r--    1 antoinereyt      admin                1487 Aug  2 18:01 ./Tests/Connexion/ConnexionTest.php
./Tests/DependencyInjection/Compiler/AbstractCompilerPassTest.php
36961958        8 -rw-rw-r--    1 antoinereyt      admin                1569 Aug  2 18:01 ./Tests/DependencyInjection/Compiler/AbstractCompilerPassTest.php
./Tests/DependencyInjection/Compiler/CompilerPassTestCase.php
36961959        8 -rw-rw-r--    1 antoinereyt      admin                1017 Aug  2 18:01 ./Tests/DependencyInjection/Compiler/CompilerPassTestCase.php
./Tests/DependencyInjection/Compiler/ConnectionCompilerPassTest.php
36961960        8 -rw-rw-r--    1 antoinereyt      admin                1338 Aug  2 18:01 ./Tests/DependencyInjection/Compiler/ConnectionCompilerPassTest.php
./Tests/DependencyInjection/Compiler/CouchbaseCompilerPassTest.php
36961961        8 -rw-rw-r--    1 antoinereyt      admin                1495 Aug  2 18:01 ./Tests/DependencyInjection/Compiler/CouchbaseCompilerPassTest.php
./Tests/DependencyInjection/Compiler/DocumentManagerCompilerPassTest.php
36961962        8 -rw-rw-r--    1 antoinereyt      admin                 973 Aug  2 18:01 ./Tests/DependencyInjection/Compiler/DocumentManagerCompilerPassTest.php
./Tests/DependencyInjection/Compiler/RepositoryCompilerPassTest.php
36961963        8 -rw-rw-r--    1 antoinereyt      admin                1932 Aug  2 18:01 ./Tests/DependencyInjection/Compiler/RepositoryCompilerPassTest.php
./Tests/DependencyInjection/ConfigurationTest.php
36961964       16 -rw-rw-r--    1 antoinereyt      admin                5090 Aug  2 18:01 ./Tests/DependencyInjection/ConfigurationTest.php
./Tests/Entity/DocumentTest.php
36961965        8 -rw-rw-r--    1 antoinereyt      admin                 468 Aug  2 18:01 ./Tests/Entity/DocumentTest.php
./Tests/Manager/DocumentManagerTest.php
36961966        8 -rw-rw-r--    1 antoinereyt      admin                1395 Aug  2 18:01 ./Tests/Manager/DocumentManagerTest.php
./Tests/ToiineCouchbaseBundleTest.php
36961967        8 -rw-rw-r--    1 antoinereyt      admin                2151 Aug  2 18:01 ./Tests/ToiineCouchbaseBundleTest.php
./ToiineCouchbaseBundle.php
36961968        8 -rw-rw-r--    1 antoinereyt      admin                 933 Aug  2 18:01 ./ToiineCouchbaseBundle.php
